// Jest Snapshot v1, https://goo.gl/fbAQLP

exports[`Banner render properly 1`] = `
<section
  className="banner"
  style={
    Object {
      "backgroundImage": "url(https://unsplash.it/800/450?image=230)",
    }
  }
>
  <div
    className="banner__body"
  >
    <h3
      className="banner__sub-title"
    >
      Inspiration
    </h3>
    <h2
      className="banner__title"
    >
      Flowe desk
    </h2>
  </div>
</section>
`;
